AFFECTED: base HEAD; complete workspace (shared/config change or uncertain scope). Includes consumer checks.

/private<disposable-project>/apps/web/src/work-items.tsx
  34:47  error  Returning a void expression from an arrow function shorthand is forbidden. Please add braces to the arrow function  @typescript-eslint/no-confusing-void-expression

✖ 1 problem (1 error, 0 warnings)
  1 error and 0 warnings potentially fixable with the `--fix` option.

$ bun scripts/check.ts affected HEAD
$ eslint . --max-warnings 0
error: script "lint" exited with code 1
10 |     cwd: root,
11 |     stdout: 'inherit',
12 |     stderr: 'inherit',
13 |   });
14 |   if (result.exitCode !== 0)
15 |     throw new Error(`Required check failed: ${command.join(' ')}`);
                   ^
error: Required check failed: bun run lint
      at run (/private<disposable-project>/scripts/check.ts:15:15)
      at /private<disposable-project>/scripts/check.ts:119:5

Bun v1.4.0 (macOS arm64)
error: script "check:affected" exited with code 1
