bun install v1.4.0 (34cbb9a40)
.git can't be found
+ @eslint/js@9.39.4
+ @storybook/react-vite@10.6.1
+ @tailwindcss/vite@4.3.3
+ @types/bun@1.4.2
+ @types/node@24.13.6
+ @types/react@19.3.0
+ @types/react-dom@19.3.0
+ @typescript/native@7.0.2
+ @vitejs/plugin-react@6.1.1
+ commander@15.0.0
+ eslint@9.39.4
+ eslint-plugin-jsx-a11y@6.10.2
+ eslint-plugin-react@7.37.5
+ eslint-plugin-react-hooks@7.1.1
+ husky@9.1.7
+ lint-staged@17.6.0
+ playwright@1.63.0
+ prettier@3.9.9
+ storybook@10.6.1
+ tailwindcss@4.3.3
+ turbo@2.11.7
+ typescript@6.0.2
+ typescript-eslint@8.71.0
+ vite@8.3.2
+ vite-plugin-singlefile@2.3.3
+ @modelcontextprotocol/ext-apps@1.7.5
+ @modelcontextprotocol/sdk@1.32.0
+ convex@1.46.0
+ jose@6.2.12
+ zod@4.6.5

514 packages installed [549.00ms]

$ husky
