bun install v1.4.0 (34cbb9a40)

$ bun scripts/install-hooks.ts
Hooks not installed: no Git repository. Run git init, then bun run hooks:install.

+ @eslint/js@9.39.4
+ @storybook/react-vite@10.6.1
+ @tailwindcss/vite@4.3.3
+ @types/bun@1.4.2
+ @types/node@24.13.6
+ @types/react@19.3.0
+ @types/react-dom@19.3.0
+ @typescript/native@7.0.2
+ @vitejs/plugin-react@6.1.1
+ commander@15.0.0
+ eslint@9.39.4
+ eslint-plugin-jsx-a11y@6.10.2
+ eslint-plugin-react@7.37.5
+ eslint-plugin-react-hooks@7.1.1
+ husky@9.1.7
+ lint-staged@17.6.0
+ playwright@1.63.0
+ prettier@3.9.9
+ storybook@10.6.1
+ tailwindcss@4.3.3
+ turbo@2.11.7
+ typescript@6.0.2
+ typescript-eslint@8.71.0
+ vite@8.3.2
+ vite-plugin-singlefile@2.3.3
+ @modelcontextprotocol/ext-apps@1.7.5
+ @modelcontextprotocol/sdk@1.32.0
+ convex@1.46.0
+ jose@6.2.12
+ zod@4.6.5

521 packages installed [153.00ms]

$ bun scripts/development.ts

✔ /tmp/astack-development-proof-jIoMKy/app/packages/backend/convex/_generated/ai/guidelines.md written

Installing Convex agent skills...

✔ Skills installed

✔ Convex AI files installed.

119 |     ['bunx', '--no-install', 'convex', 'ai-files', 'install'],
120 |     directory,
121 |     env,
122 |   );
123 |   if (code !== 0 || !(await state.exists()))
124 |     throw new Error(
                    ^
error: Convex AI setup did not complete. Retry bunx convex ai-files install in packages/backend.
      at ensureConvexAiFiles (/tmp/astack-development-proof-jIoMKy/app/scripts/development.ts:124:15)


Bun v1.4.0 (Linux x64)

error: script "dev" exited with code 1
