reference	Persistent local development and restart	﻿2026-10-05T10:14:58.6649423Z ##[group]Run cd "$RUNNER_TEMP/astack-foundation"
reference	Persistent local development and restart	2026-10-05T10:14:58.6649873Z ^[[36;1mcd "$RUNNER_TEMP/astack-foundation"^[[0m
reference	Persistent local development and restart	2026-10-05T10:14:58.6650244Z ^[[36;1mbun run development:verify^[[0m
reference	Persistent local development and restart	2026-10-05T10:14:58.6687953Z shell: /usr/bin/bash -e {0}
reference	Persistent local development and restart	2026-10-05T10:14:58.6688385Z ##[endgroup]
reference	Persistent local development and restart	2026-10-05T10:14:58.6764316Z $ bun scripts/development-proof.ts
reference	Persistent local development and restart	2026-10-05T10:15:18.1335487Z 294 |       2,
reference	Persistent local development and restart	2026-10-05T10:15:18.1336465Z 295 |     ) + '\n',
reference	Persistent local development and restart	2026-10-05T10:15:18.1336974Z 296 |   );
reference	Persistent local development and restart	2026-10-05T10:15:18.1337336Z 297 | }
reference	Persistent local development and restart	2026-10-05T10:15:18.1337595Z 298 | if (failure)
reference	Persistent local development and restart	2026-10-05T10:15:18.1337971Z 299 |   throw new Error(
reference	Persistent local development and restart	2026-10-05T10:15:18.1338292Z                   ^
reference	Persistent local development and restart	2026-10-05T10:15:18.1339483Z error: Persistent development proof failed; see /home/runner/work/_temp/astack-foundation/.proof/development-1791195298962: bun run exited 1: $ bun scripts/development.ts convex export --include-file-storage --path /tmp/astack-development-proof-iTJBuV/snapshot.zip
reference	Persistent local development and restart	2026-10-05T10:15:18.1340783Z ✖ Local backend isn't running. (it's not listening at http://127.0.0.1:3210)
reference	Persistent local development and restart	2026-10-05T10:15:18.1341326Z Run `npx convex dev` in another terminal first.
reference	Persistent local development and restart	2026-10-05T10:15:18.1341696Z error: script "convex:local" exited with code 1
reference	Persistent local development and restart	2026-10-05T10:15:18.1341864Z 
reference	Persistent local development and restart	2026-10-05T10:15:18.1342117Z       at /home/runner/work/_temp/astack-foundation/scripts/development-proof.ts:299:13
reference	Persistent local development and restart	2026-10-05T10:15:18.1342464Z 
reference	Persistent local development and restart	2026-10-05T10:15:18.1359584Z ##[error]Run `npx convex dev` in another terminal first.
reference	Persistent local development and restart	error: script "convex:local" exited with code 1
reference	Persistent local development and restart	
reference	Persistent local development and restart	      at /home/runner/work/_temp/astack-foundation/scripts/development-proof.ts:299:13
reference	Persistent local development and restart	2026-10-05T10:15:18.1365646Z 
reference	Persistent local development and restart	2026-10-05T10:15:18.1365957Z Bun v1.4.0 (Linux x64)
reference	Persistent local development and restart	2026-10-05T10:15:18.1390337Z error: script "development:verify" exited with code 1
reference	Persistent local development and restart	2026-10-05T10:15:18.1398737Z ##[error]Process completed with exit code 1.
